// Jest Snapshot v1, https://goo.gl/fbAQLP

exports[`Pruebas GifGridItem Debe mostrar el componente correctamente 1`] = `
<div
  className="card animate__animated animate__backInUp"
>
  <img
    alt="Titulo"
    src="https://media1.giphy.com/media/l0HlW7qQ7zqQkQq0c/giphy.gif"
  />
  <p>
    Titulo
  </p>
</div>
`;
